<html>
<body>
<pre>
<h1>µVision Build Log</h1>
<h2>Tool Versions:</h2>
IDE-Version: ¦ÌVision V5.18.0.0
Copyright (C) 2016 ARM Ltd and ARM Germany GmbH. All rights reserved.
License Information: ye yy, yyy, LIC=R4HVE-53LUG-MSTYP-MGJIQ-0PQ1W-6DZ2Z
 
Tool Versions:
Toolchain:       MDK-ARM Professional  Version: 5.18
Toolchain Path:  D:\Software I downloaded\keil5_mdk\keil5_mdk_install\ARM\ARMCC\Bin
C Compiler:      Armcc.exe V5.06 update 1 (build 61)
Assembler:       Armasm.exe V5.06 update 1 (build 61)
Linker/Locator:  ArmLink.exe V5.06 update 1 (build 61)
Library Manager: ArmAr.exe V5.06 update 1 (build 61)
Hex Converter:   FromElf.exe V5.06 update 1 (build 61)
CPU DLL:         SARMCM3.DLL V5.18
Dialog DLL:      DCM.DLL V1.13.6.0
Target DLL:      STLink\ST-LINKIII-KEIL_SWO.dll V2.0.18.0
Dialog DLL:      TCM.DLL V1.14.8.0
 
<h2>Project:</h2>
D:\program_bags\C_program\DIY_STM32F103C8T6\learning_project\Hardware_Abstraction_Layer\TFT_Spi_Demo\TFT_Spi_Demo\MDK-ARM\TFT_Spi_Demo.uvprojx
Project File Date:  12/21/2024

<h2>Output:</h2>
*** Using Compiler 'V5.06 update 1 (build 61)', folder: 'D:\Software I downloaded\keil5_mdk\keil5_mdk_install\ARM\ARMCC\Bin'
Build target 'TFT_Spi_Demo'
compiling TFT.c...
linking...
Program Size: Code=6122 RO-data=42946 RW-data=24 ZI-data=1184  
FromELF: creating hex file...
"TFT_Spi_Demo\TFT_Spi_Demo.axf" - 0 Error(s), 0 Warning(s).

<h2>Software Packages used:</h2>

Package Vendor: ARM
                http://www.keil.com/pack/ARM.CMSIS.4.5.0.pack
                ARM::CMSIS:CORE:4.3.0
                CMSIS (Cortex Microcontroller Software Interface Standard)
   * Component: CORE Version: 4.3.0

<h2>Collection of Component include folders:</h2>
  D:\program_bags\C_program\DIY_STM32F103C8T6\learning_project\Hardware_Abstraction_Layer\TFT_Spi_Demo\TFT_Spi_Demo\MDK-ARM\RTE
  D:\Software I downloaded\keil5_mdk\keil5_mdk_install\ARM\PACK\ARM\CMSIS\4.5.0\CMSIS\Include
  D:\Software I downloaded\keil5_mdk\keil5_mdk_install\ARM\PACK\Keil\STM32F1xx_DFP\2.4.0\Device\Include

<h2>Collection of Component Files used:</h2>

   * Component: ARM::CMSIS:CORE:4.3.0
Build Time Elapsed:  00:00:01
</pre>
</body>
</html>
