<html>
<body>
<pre>
<h1>µVision Build Log</h1>
<h2>Tool Versions:</h2>
IDE-Version: ¦ÌVision V5.18.0.0
Copyright (C) 2016 ARM Ltd and ARM Germany GmbH. All rights reserved.
License Information: ye yy, yyy, LIC=R4HVE-53LUG-MSTYP-MGJIQ-0PQ1W-6DZ2Z
 
Tool Versions:
Toolchain:       MDK-ARM Professional  Version: 5.18
Toolchain Path:  D:\Software I downloaded\keil5_mdk\keil5_mdk_install\ARM\ARMCC\Bin
C Compiler:      Armcc.exe V5.06 update 1 (build 61)
Assembler:       Armasm.exe V5.06 update 1 (build 61)
Linker/Locator:  ArmLink.exe V5.06 update 1 (build 61)
Library Manager: ArmAr.exe V5.06 update 1 (build 61)
Hex Converter:   FromElf.exe V5.06 update 1 (build 61)
CPU DLL:         SARMCM3.DLL V5.18
Dialog DLL:      DCM.DLL V1.13.6.0
Target DLL:      STLink\ST-LINKIII-KEIL_SWO.dll V2.0.18.0
Dialog DLL:      TCM.DLL V1.14.8.0
 
<h2>Project:</h2>
D:\program_bags\C_program\DIY_STM32F103C8T6\learning_project\Register\Register_structure_packing\Light_up_the_LED_through_the_register_structure_package.uvprojx
Project File Date:  05/14/2023

<h2>Output:</h2>
*** Using Compiler 'V5.06 update 1 (build 61)', folder: 'D:\Software I downloaded\keil5_mdk\keil5_mdk_install\ARM\ARMCC\Bin'
Rebuild target 'Target 1'
assembling startup_stm32f10x_md.s...
compiling main.c...
linking...
Program Size: Code=372 RO-data=252 RW-data=0 ZI-data=1632  
FromELF: creating hex file...
".\Objects\Light_up_the_LED_through_the_register_structure_package.axf" - 0 Error(s), 0 Warning(s).

<h2>Collection of Component include folders:</h2>
  D:\program_bags\C_program\DIY_STM32F103C8T6\learning_project\Register\Register_structure_packing\RTE
  D:\Software I downloaded\keil5_mdk\keil5_mdk_install\ARM\PACK\Keil\STM32F1xx_DFP\2.4.0\Device\Include

<h2>Collection of Component Files used:</h2>
Build Time Elapsed:  00:00:00
</pre>
</body>
</html>
